BL51 BANKED LINKER/LOCATER V6.22.2.0                                                    06/10/2023  13:23:50  PAGE 1


BL51 BANKED LINKER/LOCATER V6.22.2.0, INVOKED BY:
C:\KEIL_V5\C51\BIN\BL51.EXE .\Objects\violent v2.0.obj TO .\Objects\violent fan-v2.0 PRINT (.\Listings\violent fan-v2.m5
>> 1) RAMSIZE (256)


MEMORY MODEL: SMALL WITH FLOATING POINT ARITHMETIC


INPUT MODULES INCLUDED:
  .\Objects\violent v2.0.obj (VIOLENT_V2_0)
  C:\KEIL_V5\C51\LIB\C51FPS.LIB (?C?FPADD)
  C:\KEIL_V5\C51\LIB\C51FPS.LIB (?C?FPMUL)
  C:\KEIL_V5\C51\LIB\C51FPS.LIB (?C?FPDIV)
  C:\KEIL_V5\C51\LIB\C51FPS.LIB (?C?FPCMP)
  C:\KEIL_V5\C51\LIB\C51FPS.LIB (?C?FCAST)
  C:\KEIL_V5\C51\LIB\C51FPS.LIB (?C?CASTF)
  C:\KEIL_V5\C51\LIB\C51FPS.LIB (?C?FPGETOPN)
  C:\KEIL_V5\C51\LIB\C51S.LIB (?C_STARTUP)
  C:\KEIL_V5\C51\LIB\C51S.LIB (?C?UIDIV)
  C:\KEIL_V5\C51\LIB\C51S.LIB (?C?LNEG)
  C:\KEIL_V5\C51\LIB\C51S.LIB (?C_INIT)


LINK MAP OF MODULE:  .\Objects\violent fan-v2.0 (VIOLENT_V2_0)


            TYPE    BASE      LENGTH    RELOCATION   SEGMENT NAME
            -----------------------------------------------------

            * * * * * * *   D A T A   M E M O R Y   * * * * * * *
            REG     0000H     0008H     ABSOLUTE     "REG BANK 0"
            DATA    0008H     0003H     UNIT         _DATA_GROUP_
                    000BH     0015H                  *** GAP ***
            BIT     0020H.0   0000H.4   UNIT         ?BI?VIOLENT_V2_0
                    0020H.4   0000H.4                *** GAP ***
            DATA    0021H     0049H     UNIT         ?DT?VIOLENT_V2_0
            IDATA   006AH     0001H     UNIT         ?STACK

            * * * * * * *   C O D E   M E M O R Y   * * * * * * *
            CODE    0000H     0003H     ABSOLUTE     
            CODE    0003H     0007H     UNIT         ?PR?CMPINIT?VIOLENT_V2_0
            CODE    000AH     0001H     UNIT         ?PR?INT3_ISR?VIOLENT_V2_0
            CODE    000BH     0003H     ABSOLUTE     
            CODE    000EH     000AH     UNIT         ?PR?INT4_ISR?VIOLENT_V2_0
            CODE    0018H     0003H     UNIT         ?PR?TM1_ISR?VIOLENT_V2_0
            CODE    001BH     0003H     ABSOLUTE     
            CODE    001EH     003CH     UNIT         ?PR?BATLOWBEEBEE?VIOLENT_V2_0
                    005AH     0001H                  *** GAP ***
            CODE    005BH     0003H     ABSOLUTE     
            CODE    005EH     0004H     UNIT         ?CO?VIOLENT_V2_0
                    0062H     0001H                  *** GAP ***
            CODE    0063H     0003H     ABSOLUTE     
            CODE    0066H     001AH     UNIT         ?PR?GPIOINIT?VIOLENT_V2_0
                    0080H     0003H                  *** GAP ***
            CODE    0083H     0003H     ABSOLUTE     
            CODE    0086H     0021H     UNIT         ?PR?MOTORSTOP?VIOLENT_V2_0
                    00A7H     0004H                  *** GAP ***
            CODE    00ABH     0003H     ABSOLUTE     
BL51 BANKED LINKER/LOCATER V6.22.2.0                                                  06/10/2023  13:23:50  PAGE 2


            CODE    00AEH     0439H     UNIT         ?C?LIB_CODE
            CODE    04E7H     0259H     UNIT         ?PR?MAIN?VIOLENT_V2_0
            CODE    0740H     00B6H     UNIT         ?PR?CMP_ISR?VIOLENT_V2_0
            CODE    07F6H     00A1H     UNIT         ?PR?MOTORSTEP?VIOLENT_V2_0
            CODE    0897H     009BH     UNIT         ?PR?PWMINIT?VIOLENT_V2_0
            CODE    0932H     008CH     UNIT         ?C_C51STARTUP
            CODE    09BEH     0089H     UNIT         ?PR?MOTORSTART?VIOLENT_V2_0
            CODE    0A47H     007AH     UNIT         ?PR?SELFCHECKBEEBEE?VIOLENT_V2_0
            CODE    0AC1H     0072H     UNIT         ?PR?BAT_AVERAGE?VIOLENT_V2_0
            CODE    0B33H     006FH     UNIT         ?PR?TM0_ISR?VIOLENT_V2_0
            CODE    0BA2H     0055H     UNIT         ?PR?LEDCONTROL?VIOLENT_V2_0
            CODE    0BF7H     004DH     UNIT         ?PR?KEYSCAN?VIOLENT_V2_0
            CODE    0C44H     0047H     UNIT         ?PR?KEYHANDLE?VIOLENT_V2_0
            CODE    0C8BH     0035H     UNIT         ?C_INITSEG
            CODE    0CC0H     001FH     UNIT         ?PR?_ADC_GET10BITRESULT?VIOLENT_V2_0
            CODE    0CDFH     0017H     UNIT         ?PR?_DELAY1MS?VIOLENT_V2_0
            CODE    0CF6H     0015H     UNIT         ?PR?_TIMER0RELOAD?VIOLENT_V2_0
            CODE    0D0BH     0012H     UNIT         ?PR?TIMER1INIT?VIOLENT_V2_0
            CODE    0D1DH     0012H     UNIT         ?PR?TIMER1GETCNT?VIOLENT_V2_0
            CODE    0D2FH     0010H     UNIT         ?PR?ADCINIT?VIOLENT_V2_0
            CODE    0D3FH     0010H     UNIT         ?PR?TIMER0INIT?VIOLENT_V2_0
            CODE    0D4FH     0010H     UNIT         ?PR?TIMER2INIT?VIOLENT_V2_0
            CODE    0D5FH     000EH     UNIT         ?PR?DELAY500NS?VIOLENT_V2_0
            CODE    0D6DH     000EH     UNIT         ?PR?TM2_ISR?VIOLENT_V2_0
            CODE    0D7BH     0009H     UNIT         ?PR?_DELAY1US?VIOLENT_V2_0



OVERLAY MAP OF MODULE:   .\Objects\violent fan-v2.0 (VIOLENT_V2_0)


SEGMENT                                        DATA_GROUP 
  +--> CALLED SEGMENT                        START    LENGTH
------------------------------------------------------------
?PR?TM0_ISR?VIOLENT_V2_0                     -----    -----
  +--> ?PR?MOTORSTEP?VIOLENT_V2_0
  +--> ?PR?_TIMER0RELOAD?VIOLENT_V2_0

?PR?MOTORSTEP?VIOLENT_V2_0                   -----    -----
  +--> ?PR?DELAY500NS?VIOLENT_V2_0
  +--> ?PR?_ADC_GET10BITRESULT?VIOLENT_V2_0

*** NEW ROOT ***************************************************

?PR?TM2_ISR?VIOLENT_V2_0                     -----    -----
  +--> ?PR?KEYSCAN?VIOLENT_V2_0

*** NEW ROOT ***************************************************

?PR?CMP_ISR?VIOLENT_V2_0                     -----    -----
  +--> ?PR?TIMER1GETCNT?VIOLENT_V2_0
  +--> ?PR?_TIMER0RELOAD?VIOLENT_V2_0

*** NEW ROOT ***************************************************

?C_C51STARTUP                                -----    -----
  +--> ?PR?MAIN?VIOLENT_V2_0
BL51 BANKED LINKER/LOCATER V6.22.2.0                                                  06/10/2023  13:23:50  PAGE 3


  +--> ?C_INITSEG

?PR?MAIN?VIOLENT_V2_0                        0008H    0001H
  +--> ?PR?GPIOINIT?VIOLENT_V2_0
  +--> ?PR?PWMINIT?VIOLENT_V2_0
  +--> ?PR?ADCINIT?VIOLENT_V2_0
  +--> ?PR?CMPINIT?VIOLENT_V2_0
  +--> ?PR?TIMER0INIT?VIOLENT_V2_0
  +--> ?PR?TIMER1INIT?VIOLENT_V2_0
  +--> ?PR?TIMER2INIT?VIOLENT_V2_0
  +--> ?CO?VIOLENT_V2_0
  +--> ?PR?MOTORSTOP?VIOLENT_V2_0
  +--> ?PR?MOTORSTART?VIOLENT_V2_0
  +--> ?PR?_DELAY1MS?VIOLENT_V2_0
  +--> ?PR?_ADC_GET10BITRESULT?VIOLENT_V2_0
  +--> ?PR?BAT_AVERAGE?VIOLENT_V2_0
  +--> ?PR?LEDCONTROL?VIOLENT_V2_0
  +--> ?PR?KEYHANDLE?VIOLENT_V2_0
  +--> ?PR?SELFCHECKBEEBEE?VIOLENT_V2_0

?PR?MOTORSTART?VIOLENT_V2_0                  -----    -----
  +--> ?PR?MOTORSTEP?VIOLENT_V2_0
  +--> ?PR?_DELAY1MS?VIOLENT_V2_0
  +--> ?PR?_DELAY1US?VIOLENT_V2_0

?PR?BAT_AVERAGE?VIOLENT_V2_0                 0009H    0002H

?PR?KEYHANDLE?VIOLENT_V2_0                   -----    -----
  +--> ?PR?BATLOWBEEBEE?VIOLENT_V2_0
  +--> ?PR?MOTORSTOP?VIOLENT_V2_0

?PR?BATLOWBEEBEE?VIOLENT_V2_0                -----    -----
  +--> ?PR?_DELAY1MS?VIOLENT_V2_0

?PR?SELFCHECKBEEBEE?VIOLENT_V2_0             -----    -----
  +--> ?PR?_DELAY1MS?VIOLENT_V2_0



SYMBOL TABLE OF MODULE:  .\Objects\violent fan-v2.0 (VIOLENT_V2_0)

  VALUE           TYPE          NAME
  ----------------------------------

  -------         MODULE        VIOLENT_V2_0
  C:0000H         SYMBOL        _ICE_DUMMY_
  C:0D1DH         PUBLIC        Timer1GetCnt
  D:0092H         PUBLIC        P1M0
  D:0091H         PUBLIC        P1M1
  D:0080H         PUBLIC        P0
  D:00B2H         PUBLIC        P3M0
  D:0090H         PUBLIC        P1
  D:00B1H         PUBLIC        P3M1
  D:00A0H         PUBLIC        P2
  D:00CAH         PUBLIC        P5M0
  D:00B0H         PUBLIC        P3
  D:00C9H         PUBLIC        P5M1
BL51 BANKED LINKER/LOCATER V6.22.2.0                                                  06/10/2023  13:23:50  PAGE 4


  D:00C0H         PUBLIC        P4
  C:0CE5H         PUBLIC        _Delay1ms
  D:00C8H         PUBLIC        P5
  D:0023H         PUBLIC        PhaseTime
  D:00E8H         PUBLIC        P6
  B:00A8H.7       PUBLIC        EA
  D:00F8H         PUBLIC        P7
  C:0A47H         PUBLIC        SelfCheckBeeBee
  C:0897H         PUBLIC        PWMInit
  C:0D7BH         PUBLIC        _Delay1us
  D:0025H         PUBLIC        TimeIndex
  D:00BAH         PUBLIC        P_SW2
  D:00A8H         PUBLIC        IE
  D:0026H         PUBLIC        bat_v
  C:0CF6H         PUBLIC        _Timer0Reload
  D:00BDH         PUBLIC        ADC_RES
  D:008FH         PUBLIC        INTCLKO
  D:00B8H         PUBLIC        IP
  D:00DEH         PUBLIC        ADCCFG
  D:002AH         PUBLIC        demag_step
  C:09BEH         PUBLIC        MotorStart
  B:0090H.0       PUBLIC        PWM1
  C:04E7H         PUBLIC        main
  B:0090H.2       PUBLIC        PWM2
  D:002BH         PUBLIC        status
  B:0090H.4       PUBLIC        PWM3
  D:00E6H         PUBLIC        CMPCR1
  D:00E7H         PUBLIC        CMPCR2
  D:002CH         PUBLIC        Trg
  C:000AH         PUBLIC        INT3_Isr
  C:000EH         PUBLIC        INT4_Isr
  D:00BCH         PUBLIC        ADC_CONTR
  D:0087H         PUBLIC        PCON
  C:0BF7H         PUBLIC        KeyScan
  C:07F6H         PUBLIC        MotorStep
  B:00B0H.0       PUBLIC        P30
  D:002DH         PUBLIC        batlow_cnt
  B:00B0H.1       PUBLIC        P31
  D:0098H         PUBLIC        SCON
  D:0089H         PUBLIC        TMOD
  D:0088H         PUBLIC        TCON
  D:002FH         PUBLIC        bat_code
  B:0090H.6       PUBLIC        P16
  D:004FH         PUBLIC        key_pressed_time
  B:0090H.7       PUBLIC        P17
  D:0050H         PUBLIC        PhaseTimeTmp
  B:00C8H.4       PUBLIC        P54
  B:00B0H.7       PUBLIC        P37
  C:0BA2H         PUBLIC        LEDControl
  C:0086H         PUBLIC        MotorStop
  D:0060H         PUBLIC        step
  D:00AFH         PUBLIC        IE2
  D:008EH         PUBLIC        AUXR
  D:0061H         PUBLIC        key_stage
  D:00C7H         PUBLIC        IAP_CONTR
  D:0062H         PUBLIC        motor_time
  D:0064H         PUBLIC        bat_sample_cnt
BL51 BANKED LINKER/LOCATER V6.22.2.0                                                  06/10/2023  13:23:50  PAGE 5


  C:0066H         PUBLIC        GPIOInit
  B:00A8H.1       PUBLIC        ET0
  B:00A8H.3       PUBLIC        ET1
  B:0088H.5       PUBLIC        TF0
  C:0D3FH         PUBLIC        Timer0Init
  B:0088H.7       PUBLIC        TF1
  C:0D0BH         PUBLIC        Timer1Init
  D:008CH         PUBLIC        TH0
  C:0D4FH         PUBLIC        Timer2Init
  B:0020H.0       PUBLIC        B_Timer1_OF
  D:008DH         PUBLIC        TH1
  D:00D6H         PUBLIC        T2H
  B:0020H.1       PUBLIC        tick_10ms
  D:008AH         PUBLIC        TL0
  D:008BH         PUBLIC        TL1
  B:0090H.1       PUBLIC        PWM1_L
  D:00D7H         PUBLIC        T2L
  B:0020H.2       PUBLIC        B_start
  B:0090H.3       PUBLIC        PWM2_L
  D:0065H         PUBLIC        motor_stuck_time
  B:0090H.5       PUBLIC        PWM3_L
  B:0088H.4       PUBLIC        TR0
  B:0088H.6       PUBLIC        TR1
  C:0D2FH         PUBLIC        ADCInit
  D:00BEH         PUBLIC        ADC_RESL
  C:0B33H         PUBLIC        TM0_Isr
  C:0018H         PUBLIC        TM1_Isr
  C:0D6DH         PUBLIC        TM2_Isr
  C:001EH         PUBLIC        BatLowBeeBee
  C:0D67H         PUBLIC        Delay500ns
  C:0740H         PUBLIC        CMP_Isr
  C:0CC0H         PUBLIC        _ADC_Get10bitResult
  D:0066H         PUBLIC        batlow_recovery_time
  D:0068H         PUBLIC        PWM_value
  C:0003H         PUBLIC        CMPInit
  D:0069H         PUBLIC        throttle_index
  C:0AC1H         PUBLIC        bat_average
  B:0020H.3       PUBLIC        B_run
  C:005EH         PUBLIC        THROTTLE
  C:0C44H         PUBLIC        KeyHandle
  D:00D0H         PUBLIC        PSW
  -------         PROC          L?0163
  -------         ENDPROC       L?0163
  -------         PROC          _DELAY1MS
  D:0007H         SYMBOL        n
  -------         DO            
  D:0006H         SYMBOL        i
  D:0005H         SYMBOL        j
  -------         ENDDO         
  C:0CE5H         LINE#         73
  C:0CE5H         LINE#         74
  C:0CE5H         LINE#         76
  C:0CEBH         LINE#         77
  C:0CEBH         LINE#         78
  C:0CEDH         LINE#         79
  C:0CEFH         LINE#         81
  C:0CEFH         LINE#         82
BL51 BANKED LINKER/LOCATER V6.22.2.0                                                  06/10/2023  13:23:50  PAGE 6


  C:0CF1H         LINE#         83
  C:0CF3H         LINE#         84
  C:0CF5H         LINE#         85
  -------         ENDPROC       _DELAY1MS
  -------         PROC          _DELAY1US
  D:0007H         SYMBOL        us
  -------         DO            
  D:0006H         SYMBOL        i
  -------         ENDDO         
  C:0D7BH         LINE#         87
  C:0D7BH         LINE#         88
  C:0D7BH         LINE#         91
  C:0D7BH         LINE#         92
  C:0D7CH         LINE#         93
  C:0D7DH         LINE#         94
  C:0D7FH         LINE#         95
  C:0D81H         LINE#         96
  C:0D81H         LINE#         97
  C:0D83H         LINE#         98
  -------         ENDPROC       _DELAY1US
  -------         PROC          L?0164
  -------         ENDPROC       L?0164
  -------         PROC          DELAY500NS
  C:0D67H         LINE#         99
  C:0D67H         LINE#         100
  C:0D67H         LINE#         101
  C:0D68H         LINE#         102
  C:0D69H         LINE#         103
  C:0D6AH         LINE#         104
  C:0D6BH         LINE#         105
  C:0D6CH         LINE#         106
  -------         ENDPROC       DELAY500NS
  -------         PROC          _ADC_GET10BITRESULT
  D:0007H         SYMBOL        channel
  -------         DO            
  D:0007H         SYMBOL        i
  -------         ENDDO         
  C:0CC0H         LINE#         107
  C:0CC0H         LINE#         108
  C:0CC0H         LINE#         110
  C:0CC5H         LINE#         113
  C:0CC7H         LINE#         114
  C:0CCDH         LINE#         115
  C:0CCDH         LINE#         116
  C:0CD3H         LINE#         117
  C:0CD3H         LINE#         118
  C:0CD3H         LINE#         119
  C:0CD6H         LINE#         120
  C:0CDEH         LINE#         121
  -------         ENDPROC       _ADC_GET10BITRESULT
  -------         PROC          BAT_AVERAGE
  -------         DO            
  D:0003H         SYMBOL        i
  D:0004H         SYMBOL        min
  D:0009H         SYMBOL        max
  D:0006H         SYMBOL        sum
  -------         ENDDO         
BL51 BANKED LINKER/LOCATER V6.22.2.0                                                  06/10/2023  13:23:50  PAGE 7


  C:0AC1H         LINE#         122
  C:0AC1H         LINE#         123
  C:0AC1H         LINE#         126
  C:0AC4H         LINE#         127
  C:0ACCH         LINE#         128
  C:0AD7H         LINE#         129
  C:0AD7H         LINE#         130
  C:0AEAH         LINE#         131
  C:0AF5H         LINE#         132
  C:0B02H         LINE#         133
  C:0B16H         LINE#         134
  C:0B1AH         LINE#         135
  C:0B1DH         LINE#         136
  C:0B2CH         LINE#         137
  -------         ENDPROC       BAT_AVERAGE
  -------         PROC          MOTORSTEP
  C:07F6H         LINE#         140
  C:07F6H         LINE#         141
  C:07F6H         LINE#         142
  C:080EH         LINE#         143
  C:080EH         LINE#         144
  C:080EH         LINE#         145
  C:080FH         LINE#         146
  C:0812H         LINE#         147
  C:0814H         LINE#         148
  C:0816H         LINE#         149
  C:0819H         LINE#         150
  C:0819H         LINE#         151
  C:081BH         LINE#         152
  C:081BH         LINE#         153
  C:0825H         LINE#         154
  C:0828H         LINE#         155
  C:082AH         LINE#         156
  C:082DH         LINE#         157
  C:082DH         LINE#         158
  C:082FH         LINE#         159
  C:082FH         LINE#         160
  C:0838H         LINE#         161
  C:083BH         LINE#         162
  C:083EH         LINE#         163
  C:0840H         LINE#         164
  C:0843H         LINE#         165
  C:0843H         LINE#         166
  C:0845H         LINE#         167
  C:0845H         LINE#         168
  C:084FH         LINE#         169
  C:0852H         LINE#         170
  C:0854H         LINE#         171
  C:0857H         LINE#         172
  C:0857H         LINE#         173
  C:0859H         LINE#         174
  C:0859H         LINE#         175
  C:0862H         LINE#         176
  C:0865H         LINE#         177
  C:0868H         LINE#         178
  C:086AH         LINE#         179
  C:087BH         LINE#         180
BL51 BANKED LINKER/LOCATER V6.22.2.0                                                  06/10/2023  13:23:50  PAGE 8


  C:087EH         LINE#         181
  C:0881H         LINE#         182
  C:0883H         LINE#         183
  C:0883H         LINE#         184
  C:0885H         LINE#         185
  C:0888H         LINE#         186
  C:088AH         LINE#         187
  C:088DH         LINE#         188
  C:0890H         LINE#         189
  C:0890H         LINE#         190
  C:0890H         LINE#         191
  C:0890H         LINE#         192
  C:0890H         LINE#         193
  C:0893H         LINE#         194
  C:0896H         LINE#         195
  -------         ENDPROC       MOTORSTEP
  -------         PROC          MOTORSTART
  -------         DO            
  D:0002H         SYMBOL        timer
  D:0004H         SYMBOL        i
  -------         ENDDO         
  C:09BEH         LINE#         196
  C:09BEH         LINE#         197
  C:09BEH         LINE#         199
  C:09C1H         LINE#         200
  C:09C4H         LINE#         201
  C:09CAH         LINE#         202
  C:09CEH         LINE#         203
  C:09D2H         LINE#         204
  C:09D5H         LINE#         205
  C:09D8H         LINE#         206
  C:09DBH         LINE#         207
  C:09E0H         LINE#         208
  C:09E0H         LINE#         209
  C:09E0H         LINE#         210
  C:09EAH         LINE#         211
  C:09EAH         LINE#         212
  C:09EFH         LINE#         213
  C:09F6H         LINE#         214
  C:09F8H         LINE#         215
  C:0A01H         LINE#         216
  C:0A05H         LINE#         217
  C:0A10H         LINE#         218
  C:0A13H         LINE#         219
  C:0A19H         LINE#         220
  C:0A1DH         LINE#         221
  C:0A21H         LINE#         222
  C:0A24H         LINE#         223
  C:0A3DH         LINE#         224
  C:0A46H         LINE#         226
  C:0A46H         LINE#         227
  -------         ENDPROC       MOTORSTART
  -------         PROC          MOTORSTOP
  C:0086H         LINE#         228
  C:0086H         LINE#         229
  C:0086H         LINE#         230
  C:0088H         LINE#         231
BL51 BANKED LINKER/LOCATER V6.22.2.0                                                  06/10/2023  13:23:50  PAGE 9


  C:008BH         LINE#         232
  C:008DH         LINE#         233
  C:0090H         LINE#         234
  C:0094H         LINE#         235
  C:0098H         LINE#         236
  C:009CH         LINE#         237
  C:00A0H         LINE#         238
  C:00A2H         LINE#         239
  C:00A4H         LINE#         240
  C:00A6H         LINE#         241
  -------         ENDPROC       MOTORSTOP
  -------         PROC          KEYSCAN
  C:0BF7H         LINE#         243
  C:0BF7H         LINE#         244
  C:0BF7H         LINE#         245
  C:0C06H         LINE#         246
  C:0C06H         LINE#         247
  C:0C06H         LINE#         248
  C:0C06H         LINE#         249
  C:0C09H         LINE#         250
  C:0C0CH         LINE#         251
  C:0C0DH         LINE#         252
  C:0C0DH         LINE#         253
  C:0C0DH         LINE#         254
  C:0C0DH         LINE#         255
  C:0C10H         LINE#         256
  C:0C10H         LINE#         257
  C:0C18H         LINE#         258
  C:0C18H         LINE#         259
  C:0C1BH         LINE#         260
  C:0C1BH         LINE#         261
  C:0C1BH         LINE#         262
  C:0C1DH         LINE#         264
  C:0C1DH         LINE#         265
  C:0C20H         LINE#         266
  C:0C23H         LINE#         267
  C:0C23H         LINE#         268
  C:0C24H         LINE#         269
  C:0C24H         LINE#         270
  C:0C24H         LINE#         271
  C:0C24H         LINE#         272
  C:0C27H         LINE#         273
  C:0C27H         LINE#         274
  C:0C2FH         LINE#         275
  C:0C2FH         LINE#         276
  C:0C32H         LINE#         277
  C:0C32H         LINE#         278
  C:0C32H         LINE#         279
  C:0C34H         LINE#         281
  C:0C34H         LINE#         282
  C:0C37H         LINE#         283
  C:0C3AH         LINE#         284
  C:0C3AH         LINE#         285
  C:0C3BH         LINE#         286
  C:0C3BH         LINE#         287
  C:0C3BH         LINE#         288
  C:0C3BH         LINE#         289
BL51 BANKED LINKER/LOCATER V6.22.2.0                                                  06/10/2023  13:23:50  PAGE 10


  C:0C3EH         LINE#         290
  C:0C3EH         LINE#         291
  C:0C41H         LINE#         292
  C:0C43H         LINE#         293
  C:0C43H         LINE#         294
  C:0C43H         LINE#         295
  C:0C43H         LINE#         296
  C:0C43H         LINE#         297
  C:0C43H         LINE#         298
  C:0C43H         LINE#         299
  -------         ENDPROC       KEYSCAN
  -------         PROC          GPIOINIT
  C:0066H         LINE#         300
  C:0066H         LINE#         301
  C:0066H         LINE#         304
  C:0069H         LINE#         305
  C:006CH         LINE#         306
  C:006FH         LINE#         309
  C:0071H         LINE#         310
  C:0074H         LINE#         311
  C:0077H         LINE#         313
  C:007AH         LINE#         314
  C:007CH         LINE#         315
  C:007FH         LINE#         316
  -------         ENDPROC       GPIOINIT
  -------         PROC          ADCINIT
  C:0D2FH         LINE#         317
  C:0D2FH         LINE#         318
  C:0D2FH         LINE#         319
  C:0D32H         LINE#         320
  C:0D35H         LINE#         321
  C:0D38H         LINE#         322
  C:0D3EH         LINE#         323
  -------         ENDPROC       ADCINIT
  -------         PROC          PWMINIT
  C:0897H         LINE#         324
  C:0897H         LINE#         325
  C:0897H         LINE#         326
  C:089AH         LINE#         328
  C:089CH         LINE#         329
  C:089EH         LINE#         330
  C:08A0H         LINE#         331
  C:08A2H         LINE#         332
  C:08A4H         LINE#         333
  C:08A6H         LINE#         335
  C:08AFH         LINE#         336
  C:08B5H         LINE#         338
  C:08BEH         LINE#         339
  C:08C3H         LINE#         340
  C:08C5H         LINE#         341
  C:08C9H         LINE#         342
  C:08CBH         LINE#         343
  C:08CFH         LINE#         344
  C:08D1H         LINE#         345
  C:08D5H         LINE#         348
  C:08DBH         LINE#         349
  C:08E2H         LINE#         350
BL51 BANKED LINKER/LOCATER V6.22.2.0                                                  06/10/2023  13:23:50  PAGE 11


  C:08E9H         LINE#         351
  C:08EEH         LINE#         354
  C:08F4H         LINE#         355
  C:08FBH         LINE#         356
  C:0902H         LINE#         357
  C:0907H         LINE#         360
  C:090DH         LINE#         361
  C:0914H         LINE#         362
  C:091BH         LINE#         363
  C:0920H         LINE#         366
  C:0926H         LINE#         367
  C:092BH         LINE#         368
  C:0931H         LINE#         369
  -------         ENDPROC       PWMINIT
  -------         PROC          CMPINIT
  C:0003H         LINE#         370
  C:0003H         LINE#         371
  C:0003H         LINE#         372
  C:0006H         LINE#         373
  C:0009H         LINE#         374
  -------         ENDPROC       CMPINIT
  -------         PROC          TIMER0INIT
  C:0D3FH         LINE#         375
  C:0D3FH         LINE#         376
  C:0D3FH         LINE#         377
  C:0D42H         LINE#         378
  C:0D45H         LINE#         379
  C:0D48H         LINE#         380
  C:0D4AH         LINE#         381
  C:0D4CH         LINE#         382
  C:0D4EH         LINE#         384
  -------         ENDPROC       TIMER0INIT
  -------         PROC          _TIMER0RELOAD
  D:0004H         SYMBOL        n
  C:0CF6H         LINE#         385
  C:0CFAH         LINE#         386
  C:0CFAH         LINE#         387
  C:0D02H         LINE#         388
  C:0D04H         LINE#         389
  C:0D06H         LINE#         390
  C:0D08H         LINE#         391
  C:0D0AH         LINE#         392
  -------         ENDPROC       _TIMER0RELOAD
  -------         PROC          TIMER1INIT
  C:0D0BH         LINE#         393
  C:0D0BH         LINE#         394
  C:0D0BH         LINE#         395
  C:0D0EH         LINE#         396
  C:0D11H         LINE#         397
  C:0D14H         LINE#         398
  C:0D16H         LINE#         399
  C:0D18H         LINE#         400
  C:0D1AH         LINE#         401
  C:0D1CH         LINE#         402
  -------         ENDPROC       TIMER1INIT
  -------         PROC          TIMER1GETCNT
  -------         DO            
BL51 BANKED LINKER/LOCATER V6.22.2.0                                                  06/10/2023  13:23:50  PAGE 12


  D:0006H         SYMBOL        temp
  -------         ENDDO         
  C:0D1DH         LINE#         403
  C:0D1DH         LINE#         404
  C:0D1DH         LINE#         406
  C:0D1FH         LINE#         407
  C:0D21H         LINE#         408
  C:0D23H         LINE#         409
  C:0D28H         LINE#         410
  C:0D2AH         LINE#         411
  C:0D2CH         LINE#         412
  C:0D2EH         LINE#         413
  C:0D2EH         LINE#         414
  -------         ENDPROC       TIMER1GETCNT
  -------         PROC          TIMER2INIT
  C:0D4FH         LINE#         415
  C:0D4FH         LINE#         416
  C:0D4FH         LINE#         417
  C:0D52H         LINE#         418
  C:0D55H         LINE#         419
  C:0D58H         LINE#         420
  C:0D5BH         LINE#         421
  C:0D5EH         LINE#         422
  -------         ENDPROC       TIMER2INIT
  -------         PROC          TM0_ISR
  C:0B33H         LINE#         423
  C:0B4CH         LINE#         425
  C:0B4EH         LINE#         426
  C:0B57H         LINE#         427
  C:0B57H         LINE#         428
  C:0B5AH         LINE#         429
  C:0B5DH         LINE#         430
  C:0B5DH         LINE#         431
  C:0B6AH         LINE#         432
  C:0B6DH         LINE#         433
  C:0B70H         LINE#         434
  C:0B70H         LINE#         438
  C:0B81H         LINE#         439
  C:0B83H         LINE#         440
  C:0B89H         LINE#         441
  C:0B89H         LINE#         442
  C:0B8BH         LINE#         443
  C:0B8BH         LINE#         444
  -------         ENDPROC       TM0_ISR
  -------         PROC          TM1_ISR
  C:0018H         LINE#         445
  C:0018H         LINE#         447
  C:001AH         LINE#         448
  -------         ENDPROC       TM1_ISR
  -------         PROC          TM2_ISR
  C:0D6DH         LINE#         449
  C:0D71H         LINE#         451
  C:0D73H         LINE#         452
  C:0D76H         LINE#         453
  -------         ENDPROC       TM2_ISR
  -------         PROC          CMP_ISR
  -------         DO            
BL51 BANKED LINKER/LOCATER V6.22.2.0                                                  06/10/2023  13:23:50  PAGE 13


  D:0007H         SYMBOL        i
  -------         ENDDO         
  C:0740H         LINE#         454
  C:0751H         LINE#         457
  C:0754H         LINE#         458
  C:075BH         LINE#         459
  C:075BH         LINE#         460
  C:076AH         LINE#         461
  C:076DH         LINE#         462
  C:076DH         LINE#         463
  C:076FH         LINE#         464
  C:077BH         LINE#         465
  C:077BH         LINE#         466
  C:0783H         LINE#         467
  C:0795H         LINE#         468
  C:07ABH         LINE#         469
  C:07BCH         LINE#         470
  C:07D0H         LINE#         471
  C:07D3H         LINE#         478
  C:07E4H         LINE#         479
  C:07E7H         LINE#         481
  C:07E7H         LINE#         482
  -------         ENDPROC       CMP_ISR
  -------         PROC          INT3_ISR
  C:000AH         LINE#         483
  C:000AH         LINE#         485
  -------         ENDPROC       INT3_ISR
  -------         PROC          INT4_ISR
  C:000EH         LINE#         486
  C:000EH         LINE#         489
  C:0011H         LINE#         490
  C:0014H         LINE#         491
  C:0017H         LINE#         492
  -------         ENDPROC       INT4_ISR
  -------         PROC          SELFCHECKBEEBEE
  C:0A47H         LINE#         493
  C:0A47H         LINE#         494
  C:0A47H         LINE#         495
  C:0A50H         LINE#         497
  C:0A56H         LINE#         498
  C:0A58H         LINE#         499
  C:0A5AH         LINE#         500
  C:0A5DH         LINE#         501
  C:0A62H         LINE#         502
  C:0A64H         LINE#         503
  C:0A69H         LINE#         505
  C:0A72H         LINE#         507
  C:0A78H         LINE#         508
  C:0A7AH         LINE#         509
  C:0A7CH         LINE#         510
  C:0A7FH         LINE#         511
  C:0A84H         LINE#         512
  C:0A86H         LINE#         513
  C:0A8BH         LINE#         515
  C:0A94H         LINE#         517
  C:0A9AH         LINE#         518
  C:0A9CH         LINE#         519
BL51 BANKED LINKER/LOCATER V6.22.2.0                                                  06/10/2023  13:23:50  PAGE 14


  C:0AA2H         LINE#         520
  C:0AA7H         LINE#         521
  C:0AACH         LINE#         522
  C:0AAEH         LINE#         523
  C:0AB3H         LINE#         525
  C:0AB8H         LINE#         526
  C:0AC0H         LINE#         527
  -------         ENDPROC       SELFCHECKBEEBEE
  -------         PROC          BATLOWBEEBEE
  C:001EH         LINE#         528
  C:001EH         LINE#         529
  C:001EH         LINE#         530
  C:0027H         LINE#         532
  C:002DH         LINE#         533
  C:002FH         LINE#         534
  C:0035H         LINE#         535
  C:003AH         LINE#         536
  C:003CH         LINE#         537
  C:0041H         LINE#         538
  C:0044H         LINE#         539
  C:0049H         LINE#         540
  C:004BH         LINE#         541
  C:004FH         LINE#         542
  C:0051H         LINE#         544
  C:0059H         LINE#         545
  -------         ENDPROC       BATLOWBEEBEE
  -------         PROC          KEYHANDLE
  C:0C44H         LINE#         546
  C:0C44H         LINE#         547
  C:0C44H         LINE#         548
  C:0C48H         LINE#         550
  C:0C4DH         LINE#         551
  C:0C5BH         LINE#         552
  C:0C5BH         LINE#         553
  C:0C5BH         LINE#         554
  C:0C5BH         LINE#         555
  C:0C60H         LINE#         556
  C:0C60H         LINE#         557
  C:0C63H         LINE#         558
  C:0C65H         LINE#         560
  C:0C65H         LINE#         561
  C:0C6DH         LINE#         562
  C:0C6FH         LINE#         563
  C:0C75H         LINE#         564
  C:0C75H         LINE#         565
  C:0C77H         LINE#         566
  C:0C77H         LINE#         567
  C:0C77H         LINE#         568
  C:0C77H         LINE#         569
  C:0C79H         LINE#         570
  C:0C79H         LINE#         571
  C:0C79H         LINE#         572
  C:0C79H         LINE#         573
  C:0C7CH         LINE#         574
  C:0C7FH         LINE#         575
  C:0C82H         LINE#         576
  C:0C84H         LINE#         577
BL51 BANKED LINKER/LOCATER V6.22.2.0                                                  06/10/2023  13:23:50  PAGE 15


  C:0C84H         LINE#         578
  C:0C84H         LINE#         579
  C:0C84H         LINE#         580
  C:0C87H         LINE#         581
  C:0C87H         LINE#         582
  C:0C87H         LINE#         583
  C:0C87H         LINE#         584
  C:0C87H         LINE#         585
  C:0C87H         LINE#         586
  C:0C8AH         LINE#         587
  -------         ENDPROC       KEYHANDLE
  -------         PROC          LEDCONTROL
  -------         DO            
  D:0021H         SYMBOL        LED_cnt
  -------         ENDDO         
  C:0BA2H         LINE#         588
  C:0BA2H         LINE#         589
  C:0BA2H         LINE#         591
  C:0BB0H         LINE#         592
  C:0BB4H         LINE#         593
  C:0BB9H         LINE#         594
  C:0BB9H         LINE#         595
  C:0BBBH         LINE#         596
  C:0BBDH         LINE#         597
  C:0BBFH         LINE#         598
  C:0BC0H         LINE#         599
  C:0BC5H         LINE#         600
  C:0BC5H         LINE#         601
  C:0BC9H         LINE#         602
  C:0BC9H         LINE#         603
  C:0BCBH         LINE#         604
  C:0BCBH         LINE#         605
  C:0BCBH         LINE#         606
  C:0BCDH         LINE#         608
  C:0BCDH         LINE#         609
  C:0BE3H         LINE#         610
  C:0BE3H         LINE#         611
  C:0BF2H         LINE#         612
  C:0BF2H         LINE#         613
  C:0BF4H         LINE#         614
  C:0BF6H         LINE#         615
  C:0BF6H         LINE#         616
  C:0BF6H         LINE#         617
  -------         ENDPROC       LEDCONTROL
  -------         PROC          MAIN
  -------         DO            
  D:0007H         SYMBOL        i
  -------         DO            
  D:0008H         SYMBOL        cnt
  -------         ENDDO         
  -------         ENDDO         
  C:04E7H         LINE#         618
  C:04E7H         LINE#         619
  C:04E7H         LINE#         621
  C:04EAH         LINE#         622
  C:04EDH         LINE#         623
  C:04F0H         LINE#         624
BL51 BANKED LINKER/LOCATER V6.22.2.0                                                  06/10/2023  13:23:50  PAGE 16


  C:04F3H         LINE#         626
  C:04F6H         LINE#         627
  C:04F9H         LINE#         628
  C:04FCH         LINE#         629
  C:04FFH         LINE#         630
  C:0501H         LINE#         631
  C:0501H         LINE#         632
  C:0501H         LINE#         633
  C:0509H         LINE#         634
  C:0509H         LINE#         635
  C:050FH         LINE#         636
  C:050FH         LINE#         637
  C:0511H         LINE#         638
  C:0514H         LINE#         639
  C:0514H         LINE#         640
  C:0552H         LINE#         641
  C:0558H         LINE#         642
  C:055CH         LINE#         643
  C:0560H         LINE#         644
  C:0568H         LINE#         645
  C:056BH         LINE#         646
  C:056DH         LINE#         648
  C:056DH         LINE#         649
  C:0570H         LINE#         650
  C:0570H         LINE#         651
  C:0572H         LINE#         652
  C:057EH         LINE#         653
  C:058BH         LINE#         654
  C:058EH         LINE#         655
  C:0590H         LINE#         656
  C:0593H         LINE#         657
  C:0596H         LINE#         658
  C:059BH         LINE#         659
  C:05A0H         LINE#         661
  C:05A3H         LINE#         662
  C:05A5H         LINE#         663
  C:05AAH         LINE#         664
  C:05AFH         LINE#         665
  C:05B2H         LINE#         666
  C:05B4H         LINE#         668
  C:05B4H         LINE#         669
  C:05C5H         LINE#         670
  C:05C5H         LINE#         671
  C:05C5H         LINE#         672
  C:05E3H         LINE#         673
  C:05E3H         LINE#         674
  C:05E8H         LINE#         675
  C:05EBH         LINE#         676
  C:05EEH         LINE#         677
  C:05F1H         LINE#         678
  C:05F1H         LINE#         679
  C:05FCH         LINE#         680
  C:05FCH         LINE#         681
  C:05FEH         LINE#         682
  C:0626H         LINE#         684
  C:062CH         LINE#         685
  C:062CH         LINE#         686
BL51 BANKED LINKER/LOCATER V6.22.2.0                                                  06/10/2023  13:23:50  PAGE 17


  C:0641H         LINE#         687
  C:0641H         LINE#         688
  C:064FH         LINE#         689
  C:064FH         LINE#         690
  C:0653H         LINE#         691
  C:0655H         LINE#         692
  C:0658H         LINE#         693
  C:065BH         LINE#         694
  C:0660H         LINE#         695
  C:0660H         LINE#         696
  C:0662H         LINE#         701
  C:0662H         LINE#         702
  C:0679H         LINE#         703
  C:0679H         LINE#         704
  C:0687H         LINE#         705
  C:0687H         LINE#         706
  C:068BH         LINE#         707
  C:068EH         LINE#         708
  C:068EH         LINE#         709
  C:0690H         LINE#         711
  C:0695H         LINE#         712
  C:0695H         LINE#         713
  C:0695H         LINE#         714
  C:0698H         LINE#         715
  C:0698H         LINE#         716
  C:069BH         LINE#         717
  C:069BH         LINE#         718
  C:06A0H         LINE#         719
  C:06A0H         LINE#         720
  C:06A2H         LINE#         721
  C:06A4H         LINE#         722
  C:06A6H         LINE#         723
  C:06A9H         LINE#         724
  C:06A9H         LINE#         725
  C:06AEH         LINE#         726
  C:06B3H         LINE#         727
  C:06B8H         LINE#         728
  C:06B8H         LINE#         729
  C:06BAH         LINE#         730
  C:06BDH         LINE#         731
  C:06C0H         LINE#         732
  C:06C2H         LINE#         733
  C:06C5H         LINE#         734
  C:06C8H         LINE#         736
  C:06C9H         LINE#         737
  C:06CAH         LINE#         738
  C:06CDH         LINE#         739
  C:06CDH         LINE#         740
  C:06D5H         LINE#         741
  C:06D5H         LINE#         742
  C:06D8H         LINE#         743
  C:06DBH         LINE#         744
  C:06DBH         LINE#         745
  C:06E0H         LINE#         746
  C:06E2H         LINE#         747
  C:06E7H         LINE#         748
  C:06E9H         LINE#         749
BL51 BANKED LINKER/LOCATER V6.22.2.0                                                  06/10/2023  13:23:50  PAGE 18


  C:06EBH         LINE#         750
  C:06F6H         LINE#         751
  C:06F8H         LINE#         752
  C:06FAH         LINE#         753
  C:0705H         LINE#         754
  C:0705H         LINE#         755
  C:0708H         LINE#         756
  C:070BH         LINE#         757
  C:070EH         LINE#         758
  C:070EH         LINE#         759
  C:0710H         LINE#         760
  C:0713H         LINE#         761
  C:0713H         LINE#         762
  C:0715H         LINE#         764
  C:0715H         LINE#         765
  C:0718H         LINE#         766
  C:071BH         LINE#         767
  C:071EH         LINE#         768
  C:0720H         LINE#         769
  C:0723H         LINE#         770
  C:0725H         LINE#         771
  C:0728H         LINE#         772
  C:072AH         LINE#         773
  C:072CH         LINE#         774
  C:072FH         LINE#         775
  C:0732H         LINE#         776
  C:0732H         LINE#         777
  C:0734H         LINE#         779
  C:0734H         LINE#         780
  C:0737H         LINE#         781
  C:073AH         LINE#         782
  C:073AH         LINE#         783
  C:073DH         LINE#         784
  C:073DH         LINE#         785
  -------         ENDPROC       MAIN
  -------         ENDMOD        VIOLENT_V2_0

  -------         MODULE        ?C?FPADD
  C:00B5H         PUBLIC        ?C?FPADD
  C:00B1H         PUBLIC        ?C?FPSUB
  -------         ENDMOD        ?C?FPADD

  -------         MODULE        ?C?FPMUL
  C:01A6H         PUBLIC        ?C?FPMUL
  -------         ENDMOD        ?C?FPMUL

  -------         MODULE        ?C?FPDIV
  C:02AFH         PUBLIC        ?C?FPDIV
  -------         ENDMOD        ?C?FPDIV

  -------         MODULE        ?C?FPCMP
  C:034EH         PUBLIC        ?C?FPCMP
  C:034CH         PUBLIC        ?C?FPCMP3
  -------         ENDMOD        ?C?FPCMP

  -------         MODULE        ?C?FCAST
  C:03CFH         PUBLIC        ?C?FCASTC
BL51 BANKED LINKER/LOCATER V6.22.2.0                                                  06/10/2023  13:23:50  PAGE 19


  C:03CAH         PUBLIC        ?C?FCASTI
  C:03C5H         PUBLIC        ?C?FCASTL
  -------         ENDMOD        ?C?FCAST

  -------         MODULE        ?C?CASTF
  C:0403H         PUBLIC        ?C?CASTF
  -------         ENDMOD        ?C?CASTF

  -------         MODULE        ?C?UIDIV
  C:0484H         PUBLIC        ?C?UIDIV
  -------         ENDMOD        ?C?UIDIV

  -------         MODULE        ?C?LNEG
  C:04D9H         PUBLIC        ?C?LNEG
  -------         ENDMOD        ?C?LNEG

Program Size: data=85.4 xdata=0 code=3451
LINK/LOCATE RUN COMPLETE.  0 WARNING(S),  0 ERROR(S)
